3, 1, 3, 6
3, 2, 2, 4
3, 2, 9, 3
3, 1, 3, 6
3, 3, 1, 3, 6
