4
A big fish jumped
4, 25
A big fish jumped
5, 4
ae
