
The quick brown dog jumped over the lazy frog. X.
Hi!
1, 51, 10
