4, 3, 1
yams
0
4, 3, 1
yams
0
4, 3, 1
yams
whaaaaaat97
