101
100
101
100
68
204
68
2
16
-1
1073741823
101.000000
100.000000
300.000000
100.000000
101.000000
100.000000
300.000000
100.000000
9.000000
