file-const.sp
file-const.sp
file-const-include.inc
file-const-include.inc
1
1
file-const-include.inc
1
0
1
0
