Hello
There
---
  Hello
  There
---
"""ASDF""" 5
---
test hello "world", how are you?
---
 test 	wow!	
---
abc		"WOAH"		
---

---
test


---

a
---


---



---
