hello
Exception thrown: What the crab?!
  [0] report_error()
  [1] restore-frame.sp::callback, line 5
  [2] execute()
  [3] restore-frame.sp::main, line 12
10
