5
7
zero
fallthrough
not zero
fallthrough
fourth
fallthrough
third
fallthrough
second
fallthrough
first
fallthrough
default
fallthrough
fourth
fallthrough
fourth
fallthrough
third
fallthrough
second
fallthrough
first
fallthrough
default
fallthrough
