21.500000
23.500000
22.500000
22.500000
21.500000
23.500000
22.500000
22.500000
21.500000
23.500000
22.500000
22.500000
21.500000
23.500000
22.500000
22.500000
