123
103
114
101
101
110
125
32
67
117
109
112
196
131
114
196
131
32
68
105
110
32
195
142
110
116
195
162
109
112
108
97
114
101
0
