3
214
142
---
4
226
152
131
---
5
226
152
131
151
