1
1.000000
0
value1
1.000000
2.000000
3.000000
2
2.000000
1
value2
4.000000
5.000000
6.000000
