First Struct
1
1.000000
Hello
1
1.000000
Hello
1
1.000000
Hello
New Struct Below
1
1.000000
Hello
1
1.000000
Hello
1
1.000000
Hello
