0, 0, 5
0, 1, 6
0, 2, 7
0, 3, 8
0, 4, 9
0, 5, 1
0, 6, 2
1, 0, 1
1, 1, 2
1, 2, 3
1, 3, 4
1, 4, 5
1, 5, 2
1, 6, 2
2, 0, 2
2, 1, 2
2, 2, 2
2, 3, 2
2, 4, 2
2, 5, 7
2, 6, 8
3, 0, 7
3, 1, 8
3, 2, 1
3, 3, 2
3, 4, 3
3, 5, 9
3, 6, 9
4, 0, 9
4, 1, 9
4, 2, 8
4, 3, 8
4, 4, 1
4, 5, 2
4, 6, 2
