case: -1
case: 0
case: 1
case: 2
case: 3
case: default
case: -2147483648
---
-2147483648
-2147483647
default
